Started validating: /home/user/smlsp3000/plugin/build/SMLSP3000_artefacts/Release/VST3/SML SP-3000.vst3
Random seed: 0x13d73c2
Validation started
	7 Oct 2026 5:06:41am

Strictness level: 8
-----------------------------------------------------------------
Starting tests in: pluginval / Scan for plugins located in: /home/user/smlsp3000/plugin/build/SMLSP3000_artefacts/Release/VST3/SML SP-3000.vst3...
Num plugins found: 1

Testing plugin: VST3-SML SP-3000-a90c2e02-b96aa109
Soundwave Machine Learning: SML SP-3000 v0.7.0
Completed tests in pluginval / Scan for plugins located in: /home/user/smlsp3000/plugin/build/SMLSP3000_artefacts/Release/VST3/SML SP-3000.vst3
-----------------------------------------------------------------
Starting tests in: pluginval / Open plugin (cold)...

Time taken to open plugin (cold): 179 ms
Completed tests in pluginval / Open plugin (cold)
-----------------------------------------------------------------
Starting tests in: pluginval / Open plugin (warm)...

Time taken to open plugin (warm): 6 ms
Running tests 1 times
Completed tests in pluginval / Open plugin (warm)
-----------------------------------------------------------------
Starting tests in: pluginval / Plugin info...

Plugin name: SML SP-3000
Alternative names: SML SP-3000
SupportsDoublePrecision: yes
Reported latency: 0
Reported taillength: 0

Time taken to run test: 0
Completed tests in pluginval / Plugin info
-----------------------------------------------------------------
Starting tests in: pluginval / Plugin programs...
Num programs: 0
All program names checked

Time taken to run test: 0
Completed tests in pluginval / Plugin programs
-----------------------------------------------------------------
Starting tests in: pluginval / Editor...

Time taken to open editor (cold): 13 ms
Time taken to open editor (warm): 4 ms

Time taken to run test: 28 ms
Completed tests in pluginval / Editor
-----------------------------------------------------------------
Starting tests in: pluginval / Open editor whilst processing...

Time taken to run test: 36 ms
Completed tests in pluginval / Open editor whilst processing
-----------------------------------------------------------------
Starting tests in: pluginval / Audio processing...
Testing with sample rate [44100] and block size [64]
Testing with sample rate [44100] and block size [128]
Testing with sample rate [44100] and block size [256]
Testing with sample rate [44100] and block size [512]
Testing with sample rate [44100] and block size [1024]
Testing with sample rate [48000] and block size [64]
Testing with sample rate [48000] and block size [128]
Testing with sample rate [48000] and block size [256]
Testing with sample rate [48000] and block size [512]
Testing with sample rate [48000] and block size [1024]
Testing with sample rate [96000] and block size [64]
Testing with sample rate [96000] and block size [128]
Testing with sample rate [96000] and block size [256]
Testing with sample rate [96000] and block size [512]
Testing with sample rate [96000] and block size [1024]

Time taken to run test: 1 sec
Completed tests in pluginval / Audio processing
-----------------------------------------------------------------
Starting tests in: pluginval / Non-releasing audio processing...
Testing with sample rate [44100] and block size [64]
Testing with sample rate [44100] and block size [128]
Testing with sample rate [44100] and block size [256]
Testing with sample rate [44100] and block size [512]
Testing with sample rate [44100] and block size [1024]
Testing with sample rate [48000] and block size [64]
Testing with sample rate [48000] and block size [128]
Testing with sample rate [48000] and block size [256]
Testing with sample rate [48000] and block size [512]
Testing with sample rate [48000] and block size [1024]
Testing with sample rate [96000] and block size [64]
Testing with sample rate [96000] and block size [128]
Testing with sample rate [96000] and block size [256]
Testing with sample rate [96000] and block size [512]
Testing with sample rate [96000] and block size [1024]

Time taken to run test: 1 sec
Completed tests in pluginval / Non-releasing audio processing
-----------------------------------------------------------------
Starting tests in: pluginval / Plugin state...

Time taken to run test: 0
Completed tests in pluginval / Plugin state
-----------------------------------------------------------------
Starting tests in: pluginval / Plugin state restoration...

Time taken to run test: 1 ms
Completed tests in pluginval / Plugin state restoration
-----------------------------------------------------------------
Starting tests in: pluginval / Automation...
Testing with sample rate [44100] and block size [64] and sub-block size [32]
Testing with sample rate [44100] and block size [128] and sub-block size [32]
Testing with sample rate [44100] and block size [256] and sub-block size [32]
Testing with sample rate [44100] and block size [512] and sub-block size [32]
Testing with sample rate [44100] and block size [1024] and sub-block size [32]
Testing with sample rate [48000] and block size [64] and sub-block size [32]
Testing with sample rate [48000] and block size [128] and sub-block size [32]
Testing with sample rate [48000] and block size [256] and sub-block size [32]
Testing with sample rate [48000] and block size [512] and sub-block size [32]
Testing with sample rate [48000] and block size [1024] and sub-block size [32]
Testing with sample rate [96000] and block size [64] and sub-block size [32]
Testing with sample rate [96000] and block size [128] and sub-block size [32]
Testing with sample rate [96000] and block size [256] and sub-block size [32]
Testing with sample rate [96000] and block size [512] and sub-block size [32]
Testing with sample rate [96000] and block size [1024] and sub-block size [32]

Time taken to run test: 1 sec
Completed tests in pluginval / Automation
-----------------------------------------------------------------
Starting tests in: pluginval / Editor Automation...

Time taken to run test: 10 secs
Completed tests in pluginval / Editor Automation
-----------------------------------------------------------------
Starting tests in: pluginval / Automatable Parameters...

Testing parameter: 0 - SP Input Level
Parameter info: index - 0, paramName - SP Input Level, defaultValue - 0.833333, label - dB, numSteps - 2147483647, isDiscrete - 0, isBoolean - 0, isOrientationInverted - 0, isAutomatable - 1, isMetaParameter - 0, category - 0, all value strings - 
Testing accessors

Testing parameter: 1 - SP Input Gain
Parameter info: index - 1, paramName - SP Input Gain, defaultValue - 0, label - , numSteps - 3, isDiscrete - 1, isBoolean - 0, isOrientationInverted - 0, isAutomatable - 1, isMetaParameter - 0, category - 0, all value strings - 
Testing accessors

Testing parameter: 2 - Interstage Level
Parameter info: index - 2, paramName - Interstage Level, defaultValue - 0.714286, label - dB, numSteps - 2147483647, isDiscrete - 0, isBoolean - 0, isOrientationInverted - 0, isAutomatable - 1, isMetaParameter - 0, category - 0, all value strings - 
Testing accessors

Testing parameter: 3 - MPC Input Gain
Parameter info: index - 3, paramName - MPC Input Gain, defaultValue - 0, label - , numSteps - 3, isDiscrete - 1, isBoolean - 0, isOrientationInverted - 0, isAutomatable - 1, isMetaParameter - 0, category - 0, all value strings - 
Testing accessors

Testing parameter: 4 - Output Trim
Parameter info: index - 4, paramName - Output Trim, defaultValue - 0.833333, label - dB, numSteps - 2147483647, isDiscrete - 0, isBoolean - 0, isOrientationInverted - 0, isAutomatable - 1, isMetaParameter - 0, category - 0, all value strings - 
Testing accessors

Time taken to run test: 1 ms
Completed tests in pluginval / Automatable Parameters
-----------------------------------------------------------------
Starting tests in: pluginval / Parameters...

Testing parameter: 0 - SP Input Level
Parameter info: index - 0, paramName - SP Input Level, defaultValue - 0.833333, label - dB, numSteps - 2147483647, isDiscrete - 0, isBoolean - 0, isOrientationInverted - 0, isAutomatable - 1, isMetaParameter - 0, category - 0, all value strings - 
Testing accessors

Testing parameter: 1 - SP Input Gain
Parameter info: index - 1, paramName - SP Input Gain, defaultValue - 0, label - , numSteps - 3, isDiscrete - 1, isBoolean - 0, isOrientationInverted - 0, isAutomatable - 1, isMetaParameter - 0, category - 0, all value strings - 
Testing accessors

Testing parameter: 2 - Interstage Level
Parameter info: index - 2, paramName - Interstage Level, defaultValue - 0.714286, label - dB, numSteps - 2147483647, isDiscrete - 0, isBoolean - 0, isOrientationInverted - 0, isAutomatable - 1, isMetaParameter - 0, category - 0, all value strings - 
Testing accessors

Testing parameter: 3 - MPC Input Gain
Parameter info: index - 3, paramName - MPC Input Gain, defaultValue - 0, label - , numSteps - 3, isDiscrete - 1, isBoolean - 0, isOrientationInverted - 0, isAutomatable - 1, isMetaParameter - 0, category - 0, all value strings - 
Testing accessors

Testing parameter: 4 - Output Trim
Parameter info: index - 4, paramName - Output Trim, defaultValue - 0.833333, label - dB, numSteps - 2147483647, isDiscrete - 0, isBoolean - 0, isOrientationInverted - 0, isAutomatable - 1, isMetaParameter - 0, category - 0, all value strings - 
Testing accessors

Time taken to run test: 0
Completed tests in pluginval / Parameters
-----------------------------------------------------------------
Starting tests in: pluginval / Background thread state...

Time taken to run test: 2 secs
Completed tests in pluginval / Background thread state
-----------------------------------------------------------------
Starting tests in: pluginval / Parameter thread safety...

Time taken to run test: 58 ms
Completed tests in pluginval / Parameter thread safety
-----------------------------------------------------------------
Starting tests in: pluginval / auval...

Time taken to run test: 0
Completed tests in pluginval / auval
-----------------------------------------------------------------
Starting tests in: pluginval / vst3 validator...
INFO: Skipping vst3 validator as validator path hasn't been set

Time taken to run test: 0
Completed tests in pluginval / vst3 validator
-----------------------------------------------------------------
Starting tests in: pluginval / Basic bus...
Completed tests in pluginval / Basic bus
-----------------------------------------------------------------
Starting tests in: pluginval / Listing available buses...
Inputs:
	Named layouts: Stereo
	Discrete layouts: None
Outputs:
	Named layouts: Stereo
	Discrete layouts: None
Main bus num input channels: 2
Main bus num output channels: 2
Completed tests in pluginval / Listing available buses
-----------------------------------------------------------------
Starting tests in: pluginval / Enabling all buses...
Completed tests in pluginval / Enabling all buses
-----------------------------------------------------------------
Starting tests in: pluginval / Disabling non-main busses...
Completed tests in pluginval / Disabling non-main busses
-----------------------------------------------------------------
Starting tests in: pluginval / Restoring default layout...
Main bus num input channels: 2
Main bus num output channels: 2

Time taken to run test: 3 ms
Completed tests in pluginval / Restoring default layout
-----------------------------------------------------------------
Starting tests in: pluginval / Fuzz parameters...
Fuzz testing parameter: 0 - SP Input Level
Fuzz testing parameter: 1 - SP Input Gain
Fuzz testing parameter: 2 - Interstage Level
Fuzz testing parameter: 3 - MPC Input Gain
Fuzz testing parameter: 4 - Output Trim

Time taken to run test: 2 ms

Time taken to run all tests: 17 secs
Completed tests in pluginval / Fuzz parameters
SUCCESS

--- stderr ---
