-- The C compiler identification is GNU 13.3.0
-- The CXX compiler identification is GNU 13.3.0
-- Detecting C compiler ABI info
-- Detecting C compiler ABI info - done
-- Check for working C compiler: /usr/bin/cc - skipped
-- Detecting C compile features
-- Detecting C compile features - done
-- Detecting CXX compiler ABI info
-- Detecting CXX compiler ABI info - done
-- Check for working CXX compiler: /usr/bin/c++ - skipped
-- Detecting CXX compile features
-- Detecting CXX compile features - done
-- Found PkgConfig: /usr/bin/pkg-config (found version "1.8.1") 
-- Checking for module 'alsa'
--   Package 'alsa', required by 'virtual:world', not found
-- Checking for modules 'freetype2;fontconfig'
--   Found freetype2, version 26.1.20
--   Found fontconfig, version 2.15.0
-- Checking for module 'gl'
--   Package 'gl', required by 'virtual:world', not found
-- Checking for module 'libcurl'
--   Package 'libcurl', required by 'virtual:world', not found
-- Checking for modules 'webkit2gtk-4.0;gtk+-x11-3.0'
--   Package 'webkit2gtk-4.0', required by 'virtual:world', not found
--   Package 'gtk+-x11-3.0', required by 'virtual:world', not found
-- Configuring juceaide
-- Building juceaide
-- Exporting juceaide
-- Testing juceaide
-- Finished setting up juceaide
-- Configuring done (34.8s)
-- Generating done (0.0s)
-- Build files have been written to: /home/user/smlsp3000/plugin/build

real	0m34.829s
user	1m15.851s
sys	0m13.059s
exit=0
-- Checking for module 'alsa'
--   Package 'alsa', required by 'virtual:world', not found
-- Checking for module 'gl'
--   Package 'gl', required by 'virtual:world', not found
-- Checking for module 'libcurl'
--   Package 'libcurl', required by 'virtual:world', not found
-- Checking for modules 'webkit2gtk-4.0;gtk+-x11-3.0'
--   Package 'webkit2gtk-4.0', required by 'virtual:world', not found
--   Package 'gtk+-x11-3.0', required by 'virtual:world', not found
-- Configuring juceaide
-- Building juceaide
-- Exporting juceaide
-- Testing juceaide
-- Finished setting up juceaide
-- Configuring done (0.6s)
-- Generating done (0.0s)
-- Build files have been written to: /home/user/smlsp3000/plugin/build

real	0m0.610s
user	0m0.489s
sys	0m0.115s
-- Checking for module 'alsa'
--   Package 'alsa', required by 'virtual:world', not found
-- Checking for module 'gl'
--   Package 'gl', required by 'virtual:world', not found
-- Checking for module 'libcurl'
--   Package 'libcurl', required by 'virtual:world', not found
-- Checking for modules 'webkit2gtk-4.0;gtk+-x11-3.0'
--   Package 'webkit2gtk-4.0', required by 'virtual:world', not found
--   Package 'gtk+-x11-3.0', required by 'virtual:world', not found
-- Configuring juceaide
-- Building juceaide
-- Exporting juceaide
-- Testing juceaide
-- Finished setting up juceaide
-- Configuring done (0.6s)
-- Generating done (0.0s)
-- Build files have been written to: /home/user/smlsp3000/plugin/build

real	0m0.612s
user	0m0.427s
sys	0m0.179s
-- Checking for module 'alsa'
--   Package 'alsa', required by 'virtual:world', not found
-- Checking for module 'gl'
--   Package 'gl', required by 'virtual:world', not found
-- Checking for module 'libcurl'
--   Package 'libcurl', required by 'virtual:world', not found
-- Checking for modules 'webkit2gtk-4.0;gtk+-x11-3.0'
--   Package 'webkit2gtk-4.0', required by 'virtual:world', not found
--   Package 'gtk+-x11-3.0', required by 'virtual:world', not found
-- Configuring juceaide
-- Building juceaide
-- Exporting juceaide
-- Testing juceaide
-- Finished setting up juceaide
-- Configuring done (0.6s)
-- Generating done (0.0s)
-- Build files have been written to: /home/user/smlsp3000/plugin/build

real	0m0.641s
user	0m0.483s
sys	0m0.155s
